[    0.000000] Linux version 4.15.0-46-generic (buildd@lgw01-amd64-038) (gcc version 7.3.0 (Ubuntu 7.3.0-16ubuntu3)) #49-Ubuntu SMP Wed Feb 6 09:33:07 UTC 2019 (Ubuntu 4.15.0-46.49-generic 4.15.18)
[    0.000000] Command line: BOOT_IMAGE=/boot/vmlinuz-4.15.0-46-generic root=LABEL=cloudimg-rootfs ro console=tty1 console=ttyS0
[    0.000000] KERNEL supported cpus:
[    0.000000]   Intel GenuineIntel
[    0.000000]   AMD AuthenticAMD
[    0.000000]   Centaur CentaurHauls
[    0.000000] x86/fpu: Supporting XSAVE feature 0x001: 'x87 floating point registers'
[    0.000000] x86/fpu: Supporting XSAVE feature 0x002: 'SSE registers'
[    0.000000] x86/fpu: Supporting XSAVE feature 0x004: 'AVX registers'
[    0.000000] x86/fpu: xstate_offset[2]:  576, xstate_sizes[2]:  256
[    0.000000] x86/fpu: Enabled xstate features 0x7, context size is 832 bytes, using 'standard' format.
[    0.000000] e820: BIOS-provided physical RAM map:
[    0.000000] BIOS-e820: [mem 0x0000000000000000-0x000000000009fbff] usable
[    0.000000] BIOS-e820: [mem 0x000000000009fc00-0x000000000009ffff] reserved
[    0.000000] BIOS-e820: [mem 0x00000000000f0000-0x00000000000fffff] reserved
[    0.000000] BIOS-e820: [mem 0x0000000000100000-0x000000007ffeffff] usable
[    0.000000] BIOS-e820: [mem 0x000000007fff0000-0x000000007fffffff] ACPI data
[    0.000000] BIOS-e820: [mem 0x00000000fec00000-0x00000000fec00fff] reserved
[    0.000000] BIOS-e820: [mem 0x00000000fee00000-0x00000000fee00fff] reserved
[    0.000000] BIOS-e820: [mem 0x00000000fffc0000-0x00000000ffffffff] reserved
[    0.000000] NX (Execute Disable) protection: active
[    0.000000] SMBIOS 2.5 present.
[    0.000000] DMI: innotek GmbH VirtualBox/VirtualBox, BIOS VirtualBox 12/01/2006
[    0.000000] Hypervisor detected: KVM
[    0.000000] e820: last_pfn = 0x7fff0 max_arch_pfn = 0x400000000
[    0.000000] MTRR: Disabled
[    0.000000] x86/PAT: MTRRs disabled, skipping PAT initialization too.
[    0.000000] CPU MTRRs all blank - virtualized system.
[    0.000000] x86/PAT: Configuration [0-7]: WB  WT  UC- UC  WB  WT  UC- UC  
[    0.000000] found SMP MP-table at [mem 0x0009fff0-0x0009ffff] mapped at [        (ptrval)]
[    0.000000] Scanning 1 areas for low memory corruption
[    0.000000] RAMDISK: [mem 0x35adf000-0x36d66fff]
[    0.000000] ACPI: Early table checksum verification disabled
[    0.000000] ACPI: RSDP 0x00000000000E0000 000024 (v02 VBOX  )
[    0.000000] ACPI: XSDT 0x000000007FFF0030 00003C (v01 VBOX   VBOXXSDT 00000001 ASL  00000061)
[    0.000000] ACPI: FACP 0x000000007FFF00F0 0000F4 (v04 VBOX   VBOXFACP 00000001 ASL  00000061)
[    0.000000] ACPI: DSDT 0x000000007FFF0470 0022EA (v02 VBOX   VBOXBIOS 00000002 INTL 20100528)
[    0.000000] ACPI: FACS 0x000000007FFF0200 000040
[    0.000000] ACPI: FACS 0x000000007FFF0200 000040
[    0.000000] ACPI: APIC 0x000000007FFF0240 000054 (v02 VBOX   VBOXAPIC 00000001 ASL  00000061)
[    0.000000] ACPI: SSDT 0x000000007FFF02A0 0001CC (v01 VBOX   VBOXCPUT 00000002 INTL 20100528)
[    0.000000] No NUMA configuration found
[    0.000000] Faking a node at [mem 0x0000000000000000-0x000000007ffeffff]
[    0.000000] NODE_DATA(0) allocated [mem 0x7ffc5000-0x7ffeffff]
[    0.000000] kvm-clock: cpu 0, msr 0:7ff44001, primary cpu clock
[    0.000000] kvm-clock: Using msrs 4b564d01 and 4b564d00
[    0.000000] kvm-clock: using sched offset of 3711443451 cycles
[    0.000000] clocksource: kvm-clock: mask: 0xffffffffffffffff max_cycles: 0x1cd42e4dffb, max_idle_ns: 881590591483 ns
[    0.000000] Zone ranges:
[    0.000000]   DMA      [mem 0x0000000000001000-0x0000000000ffffff]
[    0.000000]   DMA32    [mem 0x0000000001000000-0x000000007ffeffff]
[    0.000000]   Normal   empty
[    0.000000]   Device   empty
[    0.000000] Movable zone start for each node
[    0.000000] Early memory node ranges
[    0.000000]   node   0: [mem 0x0000000000001000-0x000000000009efff]
[    0.000000]   node   0: [mem 0x0000000000100000-0x000000007ffeffff]
[    0.000000] Reserved but unavailable: 114 pages
[    0.000000] Initmem setup node 0 [mem 0x0000000000001000-0x000000007ffeffff]
[    0.000000] ACPI: PM-Timer IO Port: 0x4008
[    0.000000] IOAPIC[0]: apic_id 1, version 32, address 0xfec00000, GSI 0-23
[    0.000000] ACPI: INT_SRC_OVR (bus 0 bus_irq 0 global_irq 2 dfl dfl)
[    0.000000] ACPI: INT_SRC_OVR (bus 0 bus_irq 9 global_irq 9 low level)
[    0.000000] Using ACPI (MADT) for SMP configuration information
[    0.000000] smpboot: Allowing 1 CPUs, 0 hotplug CPUs
[    0.000000] PM: Registered nosave memory: [mem 0x00000000-0x00000fff]
[    0.000000] PM: Registered nosave memory: [mem 0x0009f000-0x0009ffff]
[    0.000000] PM: Registered nosave memory: [mem 0x000a0000-0x000effff]
[    0.000000] PM: Registered nosave memory: [mem 0x000f0000-0x000fffff]
[    0.000000] e820: [mem 0x80000000-0xfebfffff] available for PCI devices
[    0.000000] Booting paravirtualized kernel on KVM
[    0.000000] clocksource: refined-jiffies: mask: 0xffffffff max_cycles: 0xffffffff, max_idle_ns: 7645519600211568 ns
[    0.000000] random: get_random_bytes called from start_kernel+0x99/0x4fd with crng_init=0
[    0.000000] setup_percpu: NR_CPUS:8192 nr_cpumask_bits:1 nr_cpu_ids:1 nr_node_ids:1
[    0.000000] percpu: Embedded 46 pages/cpu @        (ptrval) s151552 r8192 d28672 u2097152
[    0.000000] PV qspinlock hash table entries: 256 (order: 0, 4096 bytes)
[    0.000000] Built 1 zonelists, mobility grouping on.  Total pages: 515961
[    0.000000] Policy zone: DMA32
[    0.000000] Kernel command line: BOOT_IMAGE=/boot/vmlinuz-4.15.0-46-generic root=LABEL=cloudimg-rootfs ro console=tty1 console=ttyS0
[    0.000000] Memory: 2015984K/2096696K available (12300K kernel code, 2473K rwdata, 4252K rodata, 2408K init, 2416K bss, 80712K reserved, 0K cma-reserved)
[    0.000000] SLUB: HWalign=64, Order=0-3, MinObjects=0, CPUs=1, Nodes=1
[    0.000000] Kernel/User page tables isolation: enabled
[    0.000000] ftrace: allocating 39198 entries in 154 pages
[    0.004000] Hierarchical RCU implementation.
[    0.004000] 	RCU restricting CPUs from NR_CPUS=8192 to nr_cpu_ids=1.
[    0.004000] 	Tasks RCU enabled.
[    0.004000] RCU: Adjusting geometry for rcu_fanout_leaf=16, nr_cpu_ids=1
[    0.004000] NR_IRQS: 524544, nr_irqs: 256, preallocated irqs: 16
[    0.004000] Console: colour VGA+ 80x25
[    0.004000] console [tty1] enabled
[    0.004000] console [ttyS0] enabled
[    0.004000] ACPI: Core revision 20170831
[    0.004000] ACPI: 2 ACPI AML tables successfully acquired and loaded
[    0.004000] APIC: Switch to symmetric I/O mode setup
[    0.004000] x2apic enabled
[    0.004000] Switched APIC routing to physical x2apic.
[    0.004000] ..TIMER: vector=0x30 apic1=0 pin1=2 apic2=-1 pin2=-1
[    0.004004] tsc: Detected 2303.998 MHz processor
[    0.005062] Calibrating delay loop (skipped) preset value.. 4607.99 BogoMIPS (lpj=9215992)
[    0.008004] pid_max: default: 32768 minimum: 301
[    0.009100] Security Framework initialized
[    0.010040] Yama: becoming mindful.
[    0.010866] AppArmor: AppArmor initialized
[    0.013658] Dentry cache hash table entries: 262144 (order: 9, 2097152 bytes)
[    0.017644] Inode-cache hash table entries: 131072 (order: 8, 1048576 bytes)
[    0.019658] Mount-cache hash table entries: 4096 (order: 3, 32768 bytes)
[    0.020012] Mountpoint-cache hash table entries: 4096 (order: 3, 32768 bytes)
[    0.021794] mce: CPU supports 0 MCE banks
[    0.024011] process: using mwait in idle threads
[    0.025184] Last level iTLB entries: 4KB 64, 2MB 8, 4MB 8
[    0.026420] Last level dTLB entries: 4KB 64, 2MB 0, 4MB 0, 1GB 4
[    0.028003] Spectre V2 : Mitigation: Full generic retpoline
[    0.029240] Spectre V2 : Spectre v2 / SpectreRSB mitigation: Filling RSB on context switch
[    0.031103] Speculative Store Bypass: Vulnerable
[    0.043902] Freeing SMP alternatives memory: 36K
[    0.048000] smpboot: CPU0: Intel(R) Core(TM) i5-7360U CPU @ 2.30GHz (family: 0x6, model: 0x8e, stepping: 0x9)
[    0.048000] Performance Events: unsupported p6 CPU model 142 no PMU driver, software events only.
[    0.048033] Hierarchical SRCU implementation.
[    0.049577] NMI watchdog: Perf event create on CPU 0 failed with -2
[    0.052002] NMI watchdog: Perf NMI watchdog permanently disabled
[    0.053736] smp: Bringing up secondary CPUs ...
[    0.055266] smp: Brought up 1 node, 1 CPU
[    0.056002] smpboot: Max logical packages: 1
[    0.056987] smpboot: Total of 1 processors activated (4607.99 BogoMIPS)
[    0.058617] devtmpfs: initialized
[    0.059434] x86/mm: Memory block size: 128MB
[    0.060166] evm: security.selinux
[    0.060955] evm: security.SMACK64
[    0.061734] evm: security.SMACK64EXEC
[    0.062575] evm: security.SMACK64TRANSMUTE
[    0.064002] evm: security.SMACK64MMAP
[    0.064883] evm: security.apparmor
[    0.065829] evm: security.ima
[    0.066548] evm: security.capability
[    0.067475] clocksource: jiffies: mask: 0xffffffff max_cycles: 0xffffffff, max_idle_ns: 7645041785100000 ns
[    0.068008] futex hash table entries: 256 (order: 2, 16384 bytes)
[    0.069439] pinctrl core: initialized pinctrl subsystem
[    0.072082] RTC time: 13:58:49, date: 03/16/19
[    0.073169] NET: Registered protocol family 16
[    0.074269] audit: initializing netlink subsys (disabled)
[    0.076101] cpuidle: using governor ladder
[    0.077048] cpuidle: using governor menu
[    0.078057] ACPI: bus type PCI registered
[    0.079040] acpiphp: ACPI Hot Plug PCI Controller Driver version: 0.5
[    0.080006] audit: type=2000 audit(1552744734.571:1): state=initialized audit_enabled=0 res=1
[    0.082259] PCI: Using configuration type 1 for base access
[    0.084833] HugeTLB registered 2.00 MiB page size, pre-allocated 0 pages
[    0.088142] ACPI: Added _OSI(Module Device)
[    0.089393] ACPI: Added _OSI(Processor Device)
[    0.090667] ACPI: Added _OSI(3.0 _SCP Extensions)
[    0.092004] ACPI: Added _OSI(Processor Aggregator Device)
[    0.093480] ACPI: Added _OSI(Linux-Dell-Video)
[    0.094615] ACPI: Added _OSI(Linux-Lenovo-NV-HDMI-Audio)
[    0.096013] ACPI: Added _OSI(Linux-HPI-Hybrid-Graphics)
[    0.097628] ACPI: Executed 1 blocks of module-level executable AML code
[    0.102295] ACPI: Interpreter enabled
[    0.103235] ACPI: (supports S0 S5)
[    0.104002] ACPI: Using IOAPIC for interrupt routing
[    0.105721] PCI: Using host bridge windows from ACPI; if necessary, use "pci=nocrs" and report a bug
[    0.107976] ACPI: Enabled 2 GPEs in block 00 to 07
[    0.116462] ACPI: PCI Root Bridge [PCI0] (domain 0000 [bus 00-ff])
[    0.118383] acpi PNP0A03:00: _OSC: OS supports [ASPM ClockPM Segments MSI]
[    0.120394] acpi PNP0A03:00: _OSC: not requesting OS control; OS requires [ExtendedConfig ASPM ClockPM MSI]
[    0.124012] acpi PNP0A03:00: fail to add MMCONFIG information, can't access extended PCI configuration space under this bridge.
[    0.128061] PCI host bridge to bus 0000:00
[    0.129157] pci_bus 0000:00: root bus resource [io  0x0000-0x0cf7 window]
[    0.130656] pci_bus 0000:00: root bus resource [io  0x0d00-0xffff window]
[    0.132000] pci_bus 0000:00: root bus resource [mem 0x000a0000-0x000bffff window]
[    0.132002] pci_bus 0000:00: root bus resource [mem 0x80000000-0xfdffffff window]
[    0.133723] pci_bus 0000:00: root bus resource [bus 00-ff]
[    0.139183] pci 0000:00:01.1: legacy IDE quirk: reg 0x10: [io  0x01f0-0x01f7]
[    0.140002] pci 0000:00:01.1: legacy IDE quirk: reg 0x14: [io  0x03f6]
[    0.141815] pci 0000:00:01.1: legacy IDE quirk: reg 0x18: [io  0x0170-0x0177]
[    0.144003] pci 0000:00:01.1: legacy IDE quirk: reg 0x1c: [io  0x0376]
[    0.169748] pci 0000:00:07.0: quirk: [io  0x4000-0x403f] claimed by PIIX4 ACPI
[    0.171841] pci 0000:00:07.0: quirk: [io  0x4100-0x410f] claimed by PIIX4 SMB
[    0.187622] ACPI: PCI Interrupt Link [LNKA] (IRQs 5 9 10 *11)
[    0.188309] ACPI: PCI Interrupt Link [LNKB] (IRQs 5 9 *10 11)
[    0.190069] ACPI: PCI Interrupt Link [LNKC] (IRQs 5 *9 10 11)
[    0.192133] ACPI: PCI Interrupt Link [LNKD] (IRQs 5 9 10 *11)
[    0.194188] SCSI subsystem initialized
[    0.196108] pci 0000:00:02.0: vgaarb: setting as boot VGA device
[    0.197669] pci 0000:00:02.0: vgaarb: VGA device added: decodes=io+mem,owns=io+mem,locks=none
[    0.200004] pci 0000:00:02.0: vgaarb: bridge control possible
[    0.201469] vgaarb: loaded
[    0.202140] ACPI: bus type USB registered
[    0.203080] usbcore: registered new interface driver usbfs
[    0.204010] usbcore: registered new interface driver hub
[    0.205265] usbcore: registered new device driver usb
[    0.206576] EDAC MC: Ver: 3.0.0
[    0.208381] PCI: Using ACPI for IRQ routing
[    0.209709] NetLabel: Initializing
[    0.210702] NetLabel:  domain hash size = 128
[    0.211690] NetLabel:  protocols = UNLABELED CIPSOv4 CALIPSO
[    0.212027] NetLabel:  unlabeled traffic allowed by default
[    0.213405] clocksource: Switched to clocksource kvm-clock
[    0.224889] VFS: Disk quotas dquot_6.6.0
[    0.226209] VFS: Dquot-cache hash table entries: 512 (order 0, 4096 bytes)
[    0.228202] AppArmor: AppArmor Filesystem Enabled
[    0.229309] pnp: PnP ACPI init
[    0.231348] pnp: PnP ACPI: found 3 devices
[    0.237868] clocksource: acpi_pm: mask: 0xffffff max_cycles: 0xffffff, max_idle_ns: 2085701024 ns
[    0.239897] NET: Registered protocol family 2
[    0.241139] TCP established hash table entries: 16384 (order: 5, 131072 bytes)
[    0.243701] TCP bind hash table entries: 16384 (order: 6, 262144 bytes)
[    0.245696] TCP: Hash tables configured (established 16384 bind 16384)
[    0.247195] UDP hash table entries: 1024 (order: 3, 32768 bytes)
[    0.248572] UDP-Lite hash table entries: 1024 (order: 3, 32768 bytes)
[    0.250026] NET: Registered protocol family 1
[    0.251046] pci 0000:00:00.0: Limiting direct PCI/PCI transfers
[    0.252427] pci 0000:00:01.0: Activating ISA DMA hang workarounds
[    0.253873] pci 0000:00:02.0: Video device with shadowed ROM at [mem 0x000c0000-0x000dffff]
[    0.255866] Unpacking initramfs...
[    0.498331] Freeing initrd memory: 18976K
[    0.499838] platform rtc_cmos: registered platform RTC device (no PNP device found)
[    0.501662] Scanning for low memory corruption every 60 seconds
[    0.503352] Initialise system trusted keyrings
[    0.504643] Key type blacklist registered
[    0.505673] workingset: timestamp_bits=36 max_order=19 bucket_order=0
[    0.507812] zbud: loaded
[    0.508814] squashfs: version 4.0 (2009/01/31) Phillip Lougher
[    0.510563] fuse init (API version 7.26)
[    0.512005] Key type asymmetric registered
[    0.512977] Asymmetric key parser 'x509' registered
[    0.514103] Block layer SCSI generic (bsg) driver version 0.4 loaded (major 246)
[    0.515818] io scheduler noop registered
[    0.516783] io scheduler deadline registered
[    0.517778] io scheduler cfq registered (default)
[    0.519207] ACPI: AC Adapter [AC] (off-line)
[    0.520611] input: Power Button as /devices/LNXSYSTM:00/LNXPWRBN:00/input/input0
[    0.522621] ACPI: Power Button [PWRF]
[    0.523567] input: Sleep Button as /devices/LNXSYSTM:00/LNXSLPBN:00/input/input1
[    0.525302] ACPI: Sleep Button [SLPF]
[    0.527369] ACPI: Battery Slot [BAT0] (battery present)
[    0.528700] Serial: 8250/16550 driver, 32 ports, IRQ sharing enabled

6789:;<=>?@ABCDEFG`abcdefghijklmnopqr‹ŒŽ‘’“”•–—˜™š›œ°±²³´µ¶·¸¹º»¼½¾¿ÀÁÂÃÄßàáâãäåæçèéêëìíîïðñòóôõö÷øùúûüýþÿ[    0.551496] 00:02: ttyS0 at I/O 0x3f8 (irq = 4, base_baud = 115200) is a 16550A
[    0.554634] Linux agpgart interface v0.103
[    0.556415] loop: module loaded
[    0.557635] scsi host0: ata_piix
[    0.558545] scsi host1: ata_piix
[    0.559376] ata1: PATA max UDMA/33 cmd 0x1f0 ctl 0x3f6 bmdma 0xd000 irq 14
[    0.561184] ata2: PATA max UDMA/33 cmd 0x170 ctl 0x376 bmdma 0xd008 irq 15
[    0.563733] libphy: Fixed MDIO Bus: probed
[    0.564706] tun: Universal TUN/TAP device driver, 1.6
[    0.565868] PPP generic driver version 2.4.2
[    0.566873] ehci_hcd: USB 2.0 'Enhanced' Host Controller (EHCI) Driver
[    0.568330] ehci-pci: EHCI PCI platform driver
[    0.569348] ehci-platform: EHCI generic platform driver
[    0.570520] ohci_hcd: USB 1.1 'Open' Host Controller (OHCI) Driver
[    0.571921] ohci-pci: OHCI PCI platform driver
[    0.572961] ohci-platform: OHCI generic platform driver
[    0.574139] uhci_hcd: USB Universal Host Controller Interface driver
[    0.575586] i8042: PNP: PS/2 Controller [PNP0303:PS2K,PNP0f03:PS2M] at 0x60,0x64 irq 1,12
[    0.577823] serio: i8042 KBD port at 0x60,0x64 irq 1
[    0.578980] serio: i8042 AUX port at 0x60,0x64 irq 12
[    0.580168] mousedev: PS/2 mouse device common for all mice
[    0.582204] input: AT Translated Set 2 keyboard as /devices/platform/i8042/serio0/input/input2
[    0.585146] rtc_cmos rtc_cmos: rtc core: registered rtc_cmos as rtc0
[    0.587053] rtc_cmos rtc_cmos: alarms up to one day, 114 bytes nvram
[    0.588918] i2c /dev entries driver
[    0.589987] pcie_mp2_amd: AMD(R) PCI-E MP2 Communication Driver Version: 1.0
[    0.592271] device-mapper: uevent: version 1.0.3
[    0.593430] device-mapper: ioctl: 4.37.0-ioctl (2017-09-20) initialised: dm-devel@redhat.com
[    0.595365] ledtrig-cpu: registered to indicate activity on CPUs
[    0.596890] intel_pmc_core:  initialized
[    0.597966] NET: Registered protocol family 10
[    0.601504] Segment Routing with IPv6
[    0.602846] NET: Registered protocol family 17
[    0.604193] Key type dns_resolver registered
[    0.606581] RAS: Correctable Errors collector initialized.
[    0.608526] sched_clock: Marking stable (608447242, 0)->(915029406, -306582164)
[    0.611123] registered taskstats version 1
[    0.612185] Loading compiled-in X.509 certificates
[    0.614822] Loaded X.509 cert 'Build time autogenerated kernel key: b873a790e41754b50f7dbae45b6bd46229c3c73f'
[    0.617527] zswap: loaded using pool lzo/zbud
[    0.620655] Key type big_key registered
[    0.621582] Key type trusted registered
[    0.623559] Key type encrypted registered
[    0.624623] AppArmor: AppArmor sha1 policy hashing enabled
[    0.626316] ima: No TPM chip found, activating TPM-bypass! (rc=-19)
[    0.628209] ima: Allocated hash algorithm: sha1
[    0.629783] evm: HMAC attrs: 0x1
[    0.631510]   Magic number: 11:5:989
[    0.632973] rtc_cmos rtc_cmos: setting system clock to 2019-03-16 13:58:49 UTC (1552744729)
[    0.635945] BIOS EDD facility v0.16 2004-Jun-25, 0 devices found
[    0.638073] EDD information not available.
[    0.722902] Freeing unused kernel memory: 2408K
[    0.732716] Write protecting the kernel read-only data: 20480k
[    0.735389] Freeing unused kernel memory: 2008K
[    0.739471] Freeing unused kernel memory: 1892K
[    0.744993] x86/mm: Checked W+X mappings: passed, no W+X pages found.
[    0.746933] x86/mm: Checking user space page tables
[    0.752016] x86/mm: Checked W+X mappings: passed, no W+X pages found.
Loading, please wait...
starting version 237
[    0.824232] e1000: Intel(R) PRO/1000 Network Driver - version 7.3.21-k8-NAPI
[    0.826269] e1000: Copyright (c) 1999-2006 Intel Corporation.
[    0.830917] Fusion MPT base driver 3.04.20
[    0.832307] Copyright (c) 1999-2008 LSI Corporation
[    0.845674] Fusion MPT SPI Host driver 3.04.20
[    0.863568] AVX2 version of gcm_enc/dec engaged.
[    0.866467] AES CTR mode by8 optimization enabled
[    0.871563] mptbase: ioc0: Initiating bringup
[    0.969540] ioc0: LSI53C1030 A0: Capabilities={Initiator}
[    1.046455] input: ImExPS/2 Generic Explorer Mouse as /devices/platform/i8042/serio1/input/input4
[    1.219674] scsi host2: ioc0: LSI53C1030 A0, FwRev=00000000h, Ports=1, MaxQ=256, IRQ=20
[    1.389097] scsi 2:0:0:0: Direct-Access     VBOX     HARDDISK         1.0  PQ: 0 ANSI: 5
[    1.392399] scsi target2:0:0: Beginning Domain Validation
[    1.397087] random: fast init done
[    1.398240] scsi target2:0:0: Domain Validation skipping write tests
[    1.399912] scsi target2:0:0: Ending Domain Validation
[    1.401428] scsi target2:0:0: asynchronous
[    1.403278] scsi 2:0:1:0: Direct-Access     VBOX     HARDDISK         1.0  PQ: 0 ANSI: 5
[    1.405146] scsi target2:0:1: Beginning Domain Validation
[    1.406966] scsi target2:0:1: Domain Validation skipping write tests
[    1.408627] scsi target2:0:1: Ending Domain Validation
[    1.409831] scsi target2:0:1: asynchronous
[    1.413942] random: systemd-udevd: uninitialized urandom read (16 bytes read)
[    1.415556] random: systemd-udevd: uninitialized urandom read (16 bytes read)
[    1.417395] sd 2:0:0:0: Attached scsi generic sg0 type 0
[    1.418682] random: systemd-udevd: uninitialized urandom read (16 bytes read)
[    1.420332] sd 2:0:0:0: [sda] 20971520 512-byte logical blocks: (10.7 GB/10.0 GiB)
[    1.422149] sd 2:0:0:0: [sda] Write Protect is off
[    1.423419] sd 2:0:0:0: [sda] Incomplete mode parameter data
[    1.424750] sd 2:0:0:0: [sda] Assuming drive cache: write through
[    1.426230] sd 2:0:1:0: [sdb] 20480 512-byte logical blocks: (10.5 MB/10.0 MiB)
[    1.427946] sd 2:0:1:0: [sdb] Write Protect is off
[    1.429102] sd 2:0:1:0: Attached scsi generic sg1 type 0
[    1.435075] sd 2:0:1:0: [sdb] Incomplete mode parameter data
[    1.436781] sd 2:0:1:0: [sdb] Assuming drive cache: write through
[    1.444193]  sda: sda1
[    1.455634] sd 2:0:0:0: [sda] Attached SCSI disk
[    1.461937] sd 2:0:1:0: [sdb] Attached SCSI disk
[    1.508159] tsc: Refined TSC clocksource calibration: 2304.526 MHz
[    1.510491] clocksource: tsc: mask: 0xffffffffffffffff max_cycles: 0x2137e8b75fd, max_idle_ns: 440795295286 ns
[    1.849193] e1000 0000:00:03.0 eth0: (PCI:33MHz:32-bit) 02:73:ab:6a:68:9e
[    1.851121] e1000 0000:00:03.0 eth0: Intel(R) PRO/1000 Network Connection
[    2.266257] e1000 0000:00:08.0 eth1: (PCI:33MHz:32-bit) 08:00:27:a4:8f:d5
[    2.267962] e1000 0000:00:08.0 eth1: Intel(R) PRO/1000 Network Connection
[    2.270414] e1000 0000:00:08.0 enp0s8: renamed from eth1
[    2.273344] e1000 0000:00:03.0 enp0s3: renamed from eth0
Begin: Loading essential drivers ... [    3.626426] raid6: sse2x1   gen() 12644 MB/s
[    3.675254] raid6: sse2x1   xor()  9034 MB/s
[    3.724108] raid6: sse2x2   gen() 14197 MB/s
[    3.775734] raid6: sse2x2   xor() 10348 MB/s
[    3.825998] raid6: sse2x4   gen() 18268 MB/s
[    3.872175] raid6: sse2x4   xor() 10415 MB/s
[    3.922270] raid6: avx2x1   gen() 26363 MB/s
[    3.969661] raid6: avx2x1   xor() 17161 MB/s
[    4.016372] raid6: avx2x2   gen() 22098 MB/s
[    4.065061] raid6: avx2x2   xor() 11906 MB/s
[    4.112049] raid6: avx2x4   gen() 33106 MB/s
[    4.161977] raid6: avx2x4   xor() 22309 MB/s
[    4.163337] raid6: using algorithm avx2x4 gen() 33106 MB/s
[    4.164594] raid6: .... xor() 22309 MB/s, rmw enabled
[    4.165733] raid6: using avx2x2 recovery algorithm
[    4.168475] xor: automatically using best checksumming function   avx       
[    4.171397] async_tx: api initialized (async)
done.
Begin: Running /scripts/init-premount ... done.
Begin: Mounting root file system ... Begin: Running /scripts/local-top ... done.
Begin: Running /scripts/local-premount ... [    4.216046] Btrfs loaded, crc32c=crc32c-intel
Scanning for Btrfs filesystems
done.
Warning: fsck not present, so skipping root file system
[    4.270430] EXT4-fs (sda1): mounted filesystem with ordered data mode. Opts: (null)
done.
Begin: Running /scripts/local-bottom ... done.
Begin: Running /scripts/init-bottom ... done.
[    4.512856] ip_tables: (C) 2000-2006 Netfilter Core Team
[    4.551017] systemd[1]: systemd 237 running in system mode. (+PAM +AUDIT +SELINUX +IMA +APPARMOR +SMACK +SYSVINIT +UTMP +LIBCRYPTSETUP +GCRYPT +GNUTLS +ACL +XZ +LZ4 +SECCOMP +BLKID +ELFUTILS +KMOD -IDN2 +IDN -PCRE2 default-hierarchy=hybrid)
[    4.557450] systemd[1]: Detected virtualization oracle.
[    4.558827] systemd[1]: Detected architecture x86-64.

Welcome to [1mUbuntu 18.04.2 LTS[0m!

[    4.572690] systemd[1]: Set hostname to <ubuntu>.
[    4.597329] systemd[1]: Initializing machine ID from random generator.
[    4.599754] systemd[1]: Installed transient /etc/machine-id file.
[    4.876831] systemd[1]: Set up automount Arbitrary Executable File Formats File System Automount Point.
[[0;32m  OK  [0m] Set up automount Arbitrary Executabâ€¦rmats File System Automount Point.
[    4.880770] systemd[1]: Started Forward Password Requests to Wall Directory Watch.
[[0;32m  OK  [0m] Started Forward Password Requests to Wall Directory Watch.
[    4.884550] systemd[1]: Created slice System Slice.
[[0;32m  OK  [0m] Created slice System Slice.
[    4.886731] systemd[1]: Listening on Syslog Socket.
[[0;32m  OK  [0m] Listening on Syslog Socket.
[[0;32m  OK  [0m] Listening on Journal Socket.
[[0;32m  OK  [0m] Listening on Journal Socket (/dev/log).
[[0;32m  OK  [0m] Listening on Journal Audit Socket.
         Mounting Huge Pages File System...
         Starting Uncomplicated firewall...
         Starting Journal Service...
         Mounting Kernel Debug File System...
[[0;32m  OK  [0m] Listening on Network Service Netlink Socket.
         Starting Load Kernel Modules...
[[0;32m  OK  [0m] Listening on LVM2 metadata daemon socket.
[[0;32m  OK  [0m] Listening on /dev/initctl Compatibility Named Pipe.
[    4.979073] Loading iSCSI transport class v2.0-870.
[    4.984182] iscsi: registered transport (tcp)
         Starting Set the console keyboard layout...
[[0;32m  OK  [0m] Listening on udev Kernel Socket.
[[0;32m  OK  [0m] Created slice system-serial\x2dgetty.slice.
         Starting Create list of required stâ€¦ce nodes for the current kernel...
[[0;32m  OK  [0m] Reached target User and Group Name Lookups.
[[0;32m  OK  [0m] Reached target System Time Synchronized.
         Mounting POSIX Message Queue File System...
         Starting Remount Root and Kernel File Systems...
[[0;32m  OK  [0m] Listening on LVM2 poll daemon socket.
[[0;32m  OK  [0m] Listening on Device-mapper event daemon FIFOs.
         Starting Monitoring of LVM2 mirrorsâ€¦ng dmeventd or progress polling...
[[0;32m  OK  [0m] Listening on udev Control Socket.
         Starting udev Coldplug all Devices...
[    5.040317] iscsi: registered transport (iser)
[[0;32m  OK  [0m] Reached target Swap.
[[0;32m  OK  [0m] Created slice User and Session Slice.
[[0;32m  OK  [0m] Reached target Slices.
[[0;32m  OK  [0m] Started Journal Service.
[[0;32m  OK  [0m] Started Uncomplicated firewall.
[[0;32m  OK  [0m] Started Load Kernel Modules.
[[0;32m  OK  [0m] Started Create list of required staâ€¦vice nodes for the current kernel.
         Starting Create Static Device Nodes in /dev...
         Mounting Kernel Configuration File System...
         Mounting FUSE Control File System...
         Starting Apply Kernel Variables...
[[0;32m  OK  [0m] Started Create Static Device Nodes in /dev.
[[0;32m  OK  [0m] Started Apply Kernel Variables.
[[0;32m  OK  [0m] Mounted POSIX Message Queue File System.
[[0;32m  OK  [0m] Mounted Kernel Debug File System.
[[0;32m  OK  [0m] Mounted Huge Pages File System.
[[0;32m  OK  [0m] Started Remount Root and Kernel File Systems.
[[0;32m  OK  [0m] Mounted Kernel Configuration File System.
[[0;32m  OK  [0m] Mounted FUSE Control File System.
[[0;32m  OK  [0m] Started udev Coldplug all Devices.
[[0;32m  OK  [0m] Started LVM2 metadata daemon.
         Starting Flush Journal to Persistent Storage...
         Starting Load/Save Random Seed...
         Starting Initial cloud-init job (pre-networking)...
         Starting udev Kernel Device Manager...
[[0;32m  OK  [0m] Started Monitoring of LVM2 mirrors,â€¦sing dmeventd or progress polling.
[[0;32m  OK  [0m] Started Load/Save Random Seed.
[[0;32m  OK  [0m] Started udev Kernel Device Manager.
[[0;32m  OK  [0m] Started Flush Journal to Persistent Storage.
[[0;32m  OK  [0m] Found device /dev/ttyS0.
[[0;32m  OK  [0m] Listening on Load/Save RF Kill Switch Status /dev/rfkill Watch.
[[0;32m  OK  [0m] Started Set the console keyboard layout.
[[0;32m  OK  [0m] Started Dispatch Password Requests to Console Directory Watch.
[[0;32m  OK  [0m] Reached target Local Encrypted Volumes.
[[0;32m  OK  [0m] Reached target Local File Systems (Pre).
[[0;32m  OK  [0m] Reached target Local File Systems.
         Starting AppArmor initialization...
         Starting Commit a transient machine-id on disk...
         Starting Tell Plymouth To Write Out Runtime Data...
         Starting Set console font and keymap...
         Starting ebtables ruleset management...
         Starting Create Volatile Files and Directories...
[[0;32m  OK  [0m] Started Tell Plymouth To Write Out Runtime Data.
[    7.380338] cloud-init[408]: Cloud-init v. 18.5-21-g8ee294d5-0ubuntu1~18.04.1 running 'init-local' at Sat, 16 Mar 2019 13:58:55 +0000. Up 6.76 seconds.[[0;32m  OK  [0m] Started Commit a transient machine-id on disk.

[[0;32m  OK  [0m] Started Create Volatile Files and Directories.
         Starting Update UTMP about System Boot/Shutdown...
[[0;32m  OK  [0m] Started Update UTMP about System Boot/Shutdown.
[[0;32m  OK  [0m] Started ebtables ruleset management.
[[0;32m  OK  [0m] Started Initial cloud-init job (pre-networking).
[[0;32m  OK  [0m] Reached target Network (Pre).
         Starting Network Service...
[[0;32m  OK  [0m] Started Network Service.
         Starting Wait for Network to be Configured...
         Starting Network Name Resolution...
[[0;32m  OK  [0m] Started Network Name Resolution.
[[0;32m  OK  [0m] Reached target Host and Network Name Lookups.
[[0;32m  OK  [0m] Reached target Network.
[[0;32m  OK  [0m] Started AppArmor initialization.
[[0;32m  OK  [0m] Started Set console font and keymap.
[[0;32m  OK  [0m] Started Wait for Network to be Configured.
         Starting Initial cloud-init job (metadata service crawler)...
[    9.562728] cloud-init[873]: Cloud-init v. 18.5-21-g8ee294d5-0ubuntu1~18.04.1 running 'init' at Sat, 16 Mar 2019 13:58:58 +0000. Up 9.45 seconds.
[    9.572339] cloud-init[873]: ci-info: ++++++++++++++++++++++++++++++++++++++Net device info+++++++++++++++++++++++++++++++++++++++
[    9.576361] cloud-init[873]: ci-info: +--------+-------+----------------------------+---------------+--------+-------------------+
[    9.581395] cloud-init[873]: ci-info: | Device |   Up  |          Address           |      Mask     | Scope  |     Hw-Address    |
[    9.586782] cloud-init[873]: ci-info: +--------+-------+----------------------------+---------------+--------+-------------------+
[    9.596238] cloud-init[873]: ci-info: | enp0s3 |  True |         10.0.2.15          | 255.255.255.0 | global | 02:73:ab:6a:68:9e |
[    9.603004] cloud-init[873]: ci-info: | enp0s3 |  True | fe80::73:abff:fe6a:689e/64 |       .       |  link  | 02:73:ab:6a:68:9e |
[    9.606508] cloud-init[873]: ci-info: | enp0s8 | False |             .              |       .       |   .    | 08:00:27:a4:8f:d5 |
[    9.609723] cloud-init[873]: ci-info: |   lo   |  True |         127.0.0.1          |   255.0.0.0   |  host  |         .         |
[    9.619016] cloud-init[873]: ci-info: |   lo   |  True |          ::1/128           |       .       |  host  |         .         |
[    9.627793] cloud-init[873]: ci-info: +--------+-------+----------------------------+---------------+--------+-------------------+
[    9.635414] cloud-init[873]: ci-info: ++++++++++++++++++++++++++++Route IPv4 info+++++++++++++++++++++++++++++
[    9.644457] cloud-init[873]: ci-info: +-------+-------------+----------+-----------------+-----------+-------+
[    9.649423] cloud-init[873]: ci-info: | Route | Destination | Gateway  |     Genmask     | Interface | Flags |
[    9.656488] cloud-init[873]: ci-info: +-------+-------------+----------+-----------------+-----------+-------+
[    9.664313] cloud-init[873]: ci-info: |   0   |   0.0.0.0   | 10.0.2.2 |     0.0.0.0     |   enp0s3  |   UG  |
[    9.667814] cloud-init[873]: ci-info: |   1   |   10.0.2.0  | 0.0.0.0  |  255.255.255.0  |   enp0s3  |   U   |
[    9.675042] cloud-init[873]: ci-info: |   2   |   10.0.2.2  | 0.0.0.0  | 255.255.255.255 |   enp0s3  |   UH  |
[    9.683977] cloud-init[873]: ci-info: +-------+-------------+----------+-----------------+-----------+-------+
[    9.688573] cloud-init[873]: ci-info: +++++++++++++++++++Route IPv6 info+++++++++++++++++++
[    9.693341] cloud-init[873]: ci-info: +-------+-------------+---------+-----------+-------+
[    9.695064] cloud-init[873]: ci-info: | Route | Destination | Gateway | Interface | Flags |
[    9.696566] cloud-init[873]: ci-info: +-------+-------------+---------+-----------+-------+
[    9.708268] cloud-init[873]: ci-info: |   1   |  fe80::/64  |    ::   |   enp0s3  |   U   |
[    9.720252] cloud-init[873]: ci-info: |   3   |    local    |    ::   |   enp0s3  |   U   |
[    9.732653] cloud-init[873]: ci-info: |   4   |   ff00::/8  |    ::   |   enp0s3  |   U   |
[    9.733714] cloud-init[873]: ci-info: +-------+-------------+---------+-----------+-------+
[   10.318301] cloud-init[873]: Generating public/private rsa key pair.
[   10.328241] cloud-init[873]: Your identification has been saved in /etc/ssh/ssh_host_rsa_key.
[   10.340227] cloud-init[873]: Your public key has been saved in /etc/ssh/ssh_host_rsa_key.pub.
[   10.355040] cloud-init[873]: The key fingerprint is:
[[0;32m  OK  [0m] Started Initial cloud-init job (metadata service crawler).
[[0;32m  OK  [0m] Reached target Network is Online.
[   10.372653] cloud-init[873]: SHA256:HQcUL366ddqjKZxlwAc0OapcwbvkXRtALOix0jcR+dM root@ubuntu-bionic
[[0;32m  OK  [0m] Reached target Remote File Systems (Pre).
[[0;32m  OK  [0m] Reached target Remote File Systems.
[   10.399883] cloud-init[873]: The key's randomart image is:
[   10.414856] cloud-init[873]: +---[RSA 2048]----+
         Starting Availability of block devices...
[[0;32m  OK  [0m] Reached target System Initialization.
[[0;32m  OK  [0m] Started Message of the Day.
[[0;32m  OK  [0m] Listening on D-Bus System Message Bus Socket.
[[0;32m  OK  [0m] Started Discard unused blocks once a week.
[   10.427713] cloud-init[873]: |       o.BBo     |
[[0;32m  OK  [0m] Started Daily apt download activities.
[[0;32m  OK  [0m] Started Daily apt upgrade and clean activities.
         Starting Socket activation for snappy daemon.
[[0;32m  OK  [0m] Started Daily Cleanup of Temporary Directories.
[   10.434999] cloud-init[873]: |      o * *+     |
[   10.436191] cloud-init[873]: |     o o Oo=o    |
[[0;32m  OK  [0m] Started ACPI Events Check.
[   10.439155] cloud-init[873]: |    . + Bo=+E    |[[0;32m  OK  [0m] Listening on ACPID Listen Socket.
[[0;32m  OK  [0m] Reached target Timers.
[[0;32m  OK  [0m] Listening on UUID daemon activation socket.
         Starting LXD - unix socket.
[[0;32m  OK  [0m] Reached target Paths.
[[0;32m  OK  [0m] Listening on Open-iSCSI iscsid Socket.
[[0;32m  OK  [0m] Reached target Cloud-config availability.

[   10.448295] cloud-init[873]: |     o *S+o=.o   |
[   10.450758] cloud-init[873]: |      o o .o+    |
[[0;32m  OK  [0m] Started Availability of block devices.
[[0;32m  OK  [0m] Listening on Socket activation for snappy daemon.
[[0;32m  OK  [0m] Listening on LXD - unix socket.
[[0;32m  OK  [0m] Reached target Sockets.
[[0;32m  OK  [0m] Reached target Basic System.
[   10.456979] cloud-init[873]: |         ..+. .  |
[   10.485738] cloud-init[873]: |          +o =.  |
         [   10.489075] cloud-init[873]: |          ..+... |
[   10.489321] cloud-init[873]: +----[SHA256]-----+
[   10.489540] cloud-init[873]: Generating public/private dsa key pair.
[   10.491057] cloud-init[873]: Your identification has been saved in /etc/ssh/ssh_host_dsa_key.Starting Login Service...
         Starting System Logging Service...
[[0;32m  OK  [0m] Started Deferred execution scheduler.
         Starting Virtualbox guest utils...
         Starting LXD - container startup/shutdown...
         Starting LSB: Record successful boot for GRUB...

[   10.511493] cloud-init[873]: Your public key has been saved in /etc/ssh/ssh_host_dsa_key.pub.
[   10.515427] cloud-init[873]: The key fingerprint is:
[   10.519099] cloud-init[873]: SHA256:oELx+Ft0wcoev0PkqD0Oq3ycNspwY0w4iJt4EHhZI00 root@ubuntu-bionic
[   10.525533] cloud-init[873]: The key's randomart image is:
[   10.529482] cloud-init[873]: +---[DSA 1024]----+
[   10.533961] cloud-init[873]: |  ooE  ..        |
[   10.537253] cloud-init[873]: |.  B..  ..       |
[   10.541171] cloud-init[873]: |o = ..o..        |
[   10.545028] cloud-init[873]: |o= . o+o.        |
[   10.549667] cloud-init[873]: |* o o..*S        |
[   10.554966] cloud-init[873]: |.B . oo +        |
[   10.558645] cloud-init[873]: |= *.o+ . .       |
[   10.562192] cloud-init[873]: | B .Boo o        |
[   10.572464] cloud-init[873]: |  ==.o.. .       |
[   10.573049] cloud-init[873]: +----[SHA256]-----+
[   10.573431] cloud-init[873]: Generating public/private ecdsa key pair.
[   10.574340] cloud-init[873]: Your identification has been saved in /etc/ssh/ssh_host_ecdsa_key.
[   10.575719] cloud-init[873]: Your public key has been saved in /etc/ssh/ssh_host_ecdsa_key.pub.
[   10.582341] cloud-init[873]: The key fingerprint is:
[   10.587068] cloud-init[873]: SHA256:CKVt+YN+7bT/5slN2+X2Mxehn7XNEghO+EuzHKcvLTw root@ubuntu-bionic
[[   10.609856] cloud-init[873]: The key's randomart image is:
[0;32m  OK  [0m] Started irqbalance daemon.
[   10.612377] cloud-init[873]: +---[ECDSA 256]---+
[[0;32m  OK  [0m] Started Regular background program processing daemon.
         Starting LSB: automatic crash report generation...
[   10.632127] cloud-init[873]: |      .          |
[   10.656492] cloud-init[873]: |     + .         |         Starting Dispatcher daemon for systemd-networkd...
[[0;32m  OK  [0m] Started FUSE filesystem for LXC.
         Starting Permit User Sessions...

         Starting Pollinate to seed the pseudo random number generator...
         [   10.679688] cloud-init[873]: |    o +  .       |
Starting Accounts Service...
[[0;32m  OK  [0m] Started D-Bus System Message Bus.
[   10.684446] cloud-init[873]: |     o +. o    . |
[   10.700109] cloud-init[873]: |      o S+ . .. .|
[   10.703043] cloud-init[873]: |     .   o* o....|
[   10.713584] cloud-init[873]: |      . .+oO  .oO|
[   10.718997] cloud-init[873]: |       . oE...o@O|
[   10.732420] cloud-init[873]: |          o*o+=+X|
[[0;32m  OK  [0m] Started Login Service.
[[0;32m  OK  [0m] Started Unattended Upgrades Shutdown.
[   10.751739]          Starting Snappy daemon...
[[0;32m  OK  [0m] Started System Logging Service.
[[0;32m  OK  [0m] Started LXD - container startup/shutdown.
[[0;32m  OK  [0mcloud-init] Started Permit User Sessions.
         Starting Hold until boot process finishes up...
         Starting Terminate Plymouth Boot Screen...
[[0;32m  OK  [0m] Started Hold until boot process finishes up.
[[0;32m  OK  [0m] Started Serial Getty on ttyS0.
         Starting Set console scheme...
[873]: +----[SHA256]-----+
[   10.829297] cloud-init[873]: Generating public/private ed25519 key pair.
[   10.832339] cloud-init[873]: Your identification has been saved in /etc/ssh/ssh_host_ed25519_key.
[   10.833711] cloud-init[873]: Your public key has been saved in /etc/ssh/ssh_host_ed25519_key.pub.
[   10.834563] cloud-init[873]: The key fingerprint is:
[[0;32m  OK  [0m] Started Terminate Plymouth Boot Screen.
         Starting Authorization Manager...
[   10.839970] cloud-init[873]: SHA256:knKTRUghp95+wMNHsCdfYMFJeo2kjhjXG1vvHXS7sTc root@ubuntu-bionic
[   10.843117] cloud-init[873]: The key's randomart image is:
[[0;32m  OK  [0m] Started Set console scheme.
[[0;32m  OK  [0m] Created slice system-getty.slice.
[[0;32m  OK  [0m] Started Getty on tty1.
[[0;32m  OK  [0m] Reached target Login Prompts.
[[0;32m  OK  [0m] Started LSB: automatic crash report generation.
[   10.845564] cloud-init[873]: +--[ED25519 256]--+
[   10.894060] cloud-init[873]: |    ..==Bo       |
[   10.967002] cloud-init[873]: |     =.Oo+       |
[   10.968782] cloud-init[873]: |  . o B B o . .  |
[   10.970028] cloud-init[873]: |   = * # o . . . |
[   10.971590] cloud-init[873]: |  . + / S . . o  |
[   10.976202] cloud-init[873]: |     + * . . . + |
[   10.992354] cloud-init[873]: |      . . . . oE.|
[[0;32m  OK  [0m] Started LSB: Record successful boot for GRUB.
[   11.007552] cloud-init[873]: |       .       ..|
[   11.022620] cloud-init[873]: |                 |
[   11.023032] cloud-init[873]: +----[SHA256]-----+
[[0;32m  OK  [0m] Started Authorization Manager.
[[0;32m  OK  [0m] Started Accounts Service.
[[0;32m  OK  [0m] Started Virtualbox guest utils.
[[0;32m  OK  [0m] Started Snappy daemon.
         Starting Wait until snapd is fully seeded...
[[0;32m  OK  [0m] Started Dispatcher daemon for systemd-networkd.
[[0;32m  OK  [0m] Started Pollinate to seed the pseudo random number generator.
         Starting OpenBSD Secure Shell server...
[[0;32m  OK  [0m] Started OpenBSD Secure Shell server.
[[0;32m  OK  [0m] Created slice User Slice of vagrant.
         Starting User Manager for UID 1000...
[[0;32m  OK  [0m] Started Session 1 of user vagrant.
[[0;32m  OK  [0m] Started User Manager for UID 1000.
[[0;32m  OK  [0m] Started Wait until snapd is fully seeded.
[[0;32m  OK  [0m] Reached target Multi-User System.
[[0;32m  OK  [0m] Reached target Graphical Interface.
         Starting Update UTMP about System Runlevel Changes...
         Starting Apply the settings specified in cloud-config...
[[0;32m  OK  [0m] Started Update UTMP about System Runlevel Changes.
[   14.311492] cloud-init[1320]: Cloud-init v. 18.5-21-g8ee294d5-0ubuntu1~18.04.1 running 'modules:config' at Sat, 16 Mar 2019 13:59:02 +0000. Up 13.68 seconds.
[[0;32m  OK  [0m] Started Apply the settings specified in cloud-config.
         Starting Execute cloud user/final scripts...
ci-info: no authorized ssh keys fingerprints found for user ubuntu.
<14>Mar 16 13:59:03 ec2: 
<14>Mar 16 13:59:03 ec2: #############################################################
<14>Mar 16 13:59:03 ec2: -----BEGIN SSH HOST KEY FINGERPRINTS-----
<14>Mar 16 13:59:03 ec2: 1024 SHA256:oELx+Ft0wcoev0PkqD0Oq3ycNspwY0w4iJt4EHhZI00 root@ubuntu-bionic (DSA)
<14>Mar 16 13:59:03 ec2: 256 SHA256:CKVt+YN+7bT/5slN2+X2Mxehn7XNEghO+EuzHKcvLTw root@ubuntu-bionic (ECDSA)
<14>Mar 16 13:59:03 ec2: 256 SHA256:knKTRUghp95+wMNHsCdfYMFJeo2kjhjXG1vvHXS7sTc root@ubuntu-bionic (ED25519)
<14>Mar 16 13:59:03 ec2: 2048 SHA256:HQcUL366ddqjKZxlwAc0OapcwbvkXRtALOix0jcR+dM root@ubuntu-bionic (RSA)
<14>Mar 16 13:59:03 ec2: -----END SSH HOST KEY FINGERPRINTS-----
<14>Mar 16 13:59:03 ec2: #############################################################
-----BEGIN SSH HOST KEY KEYS-----
ecdsa-sha2-nistp256 AAAAE2VjZHNhLXNoYTItbmlzdHAyNTYAAAAIbmlzdHAyNTYAAABBBAK9BYNbFvpFRQ2E9AMqifQDBaY9hBjCdWUMwkrKILvd/lcz/gUXS7hfgFKldCqS96gyoqXND5Hb34RzE93B80U= root@ubuntu-bionic
ssh-ed25519 AAAAC3NzaC1lZDI1NTE5AAAAIPmCArgF2euqbIQl96hW9oDSTLRnWOuQ7xooLI3qUqDB root@ubuntu-bionic
ssh-rsa AAAAB3NzaC1yc2EAAAADAQABAAABAQCwDEb5MQ8qdZVyY+aEZ5Z3oCEprxpRUaEEqM5ONiDfPb72pCpvPqg7RD6tzZ8b/yDfmPnGg7aMrpAlQoSqzcNy0wgx3WYvOevOuFJQ4ygx3iZqd3vNEzmqPmTDUFiQaA5OPCTsieRP1SMY8TiEm159b/8X8bMeFARceNGZKav69Ry3UNUNOWCikHSJ+pUdBsZ/NdDX6+eMnfi94YsNyzgMIl1zDZJuZhrh6nwJWNuikIYUNu6z9vetANaeU763NK8HT0qdUBUTUag2TQ1yiKoNnrz9Q2Zp/zJ/xOAVBwv6wrU4uJKt0wsdKTKKjIba4D0Pnha8gHttrOo6PunviBUN root@ubuntu-bionic
-----END SSH HOST KEY KEYS-----
[   15.072219] cloud-init[1422]: Cloud-init v. 18.5-21-g8ee294d5-0ubuntu1~18.04.1 running 'modules:final' at Sat, 16 Mar 2019 13:59:03 +0000. Up 14.94 seconds.
[   15.076583] cloud-init[1422]: ci-info: no authorized ssh keys fingerprints found for user ubuntu.
[   15.080156] cloud-init[1422]: Cloud-init v. 18.5-21-g8ee294d5-0ubuntu1~18.04.1 finished at Sat, 16 Mar 2019 13:59:03 +0000. Datasource DataSourceNoCloud [seed=/dev/sdb][dsmode=net].  Up 15.06 seconds
[[0;32m  OK  [0m] Started Execute cloud user/final scripts.
[[0;32m  OK  [0m] Reached target Cloud-init target.

Ubuntu 18.04.2 LTS ubuntu-bionic ttyS0

ubuntu-bionic login: 